// Jest Snapshot v1, https://goo.gl/fbAQLP

exports[`show item 1`] = `
<div>
  <Link
    to="/EditExpense/1"
  >
    rent
  </Link>
  <p>
    100
    -
    0
  </p>
</div>
`;
